Assigning value to x
Assigning value to y
Assigning value to z
